Q1. Explore the following commands with various options, refer man pages for 
    further help a) date b) cal c) bc d) echo e) who f) whoami g) logname g) uname h)
    seq i) clear
a)date +%d
  date +%a
 date +%A
 date +%h
  date +%b
  date +%B
  date +%m
 date +%Y
 date +%y
 date +%T
 date +%t
 date +%M
 date +%m
 date +%H
 date +%h
 date +%H
 date +%M
 date +%S

b)cal
  cal 06 2020
 cal 2000
 cal -3
c)
 	echo "12+5" |bc
	echo "12^3" |bc
d)
 echo "hiii there"


 e)who -m -H
who
 who -p -H
 who -T -H
 who -u
who -b -H
 who -r
 who -a
f) whoami

                               

g)hp@DESKTOP-3E1V4GH:~$ uname -s
Linux
hp@DESKTOP-3E1V4GH:~$ uname -n
DESKTOP-3E1V4GH
hp@DESKTOP-3E1V4GH:~$ uname -r
4.4.0-18362-Microsoft
hp@DESKTOP-3E1V4GH:~$ uname -v
#836-Microsoft Mon May 05 16:04:00 PST 2020
hp@DESKTOP-3E1V4GH:~$ uname -m
x86_64
hp@DESKTOP-3E1V4GH:~$ uname -p
x86_64
hp@DESKTOP-3E1V4GH:~$ uname -i
x86_64
hp@DESKTOP-3E1V4GH:~$ uname -o
GNU/Linux



h) hp@DESKTOP-3E1V4GH:~$ seq 10
1
2
3
4
5
6
7
8
9
10
hp@DESKTOP-3E1V4GH:~$ seq 2 30
2
3
4
5
6
7
8
9
10
11
12
13
14
15
16
17
18
19
20
21
22
23
24
25
26
27
28
29
30
hp@DESKTOP-3E1V4GH:~$ seq 1 2 20
1
3
5
7
9
11
13
15
17
19


hp@DESKTOP-3E1V4GH:~$ seq -s " " 10
1 2 3 4 5 6 7 8 9 10
hp@DESKTOP-3E1V4GH:~$ seq -s " " 5 10
5 6 7 8 9 10
hp@DESKTOP-3E1V4GH:~$ seq -s "" 5 4 15
5913
hp@DESKTOP-3E1V4GH:~$ seq -s " " 5 4 15
5 9 13

hp@DESKTOP-3E1V4GH:~$ seq -w 10
01
02
03
04
05
06
07
08
09
10
hp@DESKTOP-3E1V4GH:~$ seq -w 99 101
099
100
101
hp@DESKTOP-3E1V4GH:~$ seq -w 1 10 50
01
11
21
31
41

i)clear

Q2.A) Create three directory a b and c and create a.txt,b.txt and c.txt in each directory respectively and then copy c directory into the a.

>mkdir a b c
>echo a.txt
>echo b.txt
>echo c.txt

>mv c a
>mv b c

>alias kanchan="ls -lh"

>mv a CDAC


Q3. A) Create five files file1.txt , file2.txt ,file3.txt file4.txt and
    file5.txt with some text inside it. Search for 's' character
    inside all the files using grep command.
    Also Use cat to view all file content together.

hp@DESKTOP-3E1V4GH:~$ grep -i "hii" file1.txt
hello hiii there
hp@DESKTOP-3E1V4GH:~$ grep -i "s" file2.txt
hey what is your name
hp@DESKTOP-3E1V4GH:~$ grep -i "s" file3.txt
sss miss
hp@DESKTOP-3E1V4GH:~$ grep -i "s" file1.txt
hp@DESKTOP-3E1V4GH:~$ grep -i "s" file4.txt,file5.txt
grep: file4.txt,file5.txt: No such file or directory
hp@DESKTOP-3E1V4GH:~$ grep -i "s" file4.txt
new content is there
hp@DESKTOP-3E1V4GH:~$ grep -i "s" file5.txt
new one is there



Q4. Create a file with some content using vi editor
	a) Display the file using cat command

hp@DESKTOP-3E1V4GH:~$ cat file1.txt file2.txt file3.txt file4.txt file5.txt
hello hiii there
hey what is your name
sss miss
new content is there
new one is there



cat file.txt

 nano file.txt


 touch 1.txt 2.txt 3.txt 4.txt 5.txt

rmdir a
rmdir b
rmdir c

vi myfile.txt
cat -n myfile.txt
tac myfile.txt

cat file1 file2 > file3

 column myfile.txt

 sort myfile.txt

 sort -r myfile.txt

touch .kanfile.txt
mkdir .hidden

ls -a


 ls -l
touch myfile.txt
ls -t
ls -rt
touch file3.txt

ls | sort -r

ls -l



Q5. Create Random some files and sub directories.

	a) display files row wise, column wise, 1 per row

	> ls -1
	> ls

	b) sort the files in ascending, descending order

	> ls -1   (sort by name asc)
	> ls -1 -r (sort by name desc)
	> ls -al -S (sort by size desc)
	> ls -al -Sr <sort by size asc)

	c) Create some hidden files and sub directories and display them using “ls -a”
	
	> touch .k.txt
	> ls -a

	d) Change time stamp of some files and directories using touch command and display the files using ls -t ls -rt
	
	> touch -t file2.txt

	e) Recursive display contents of your home directory.

	> ls -R

	f) display all attributes of files and directories using ls -l

	> ls -l

	g) display attributes of a directory using ls -ld
	
	> ls -ld

==================================================================================
Q1. Create directory of your name and then create 4 files inside it named
	a.txt, b.txt, c.txt and d.sh. And change the directory permission to
	only user and also files permission to only user such that

		> chmod a-rwx a.txt b.txt

		a)user can read and write the file a.txt and b.txt

		> chmod u+rw a.txt b.txt

		b)user can write the file c.txt

		> chmod u+w c.txt

		c)user can exectuable the file d.sh. Make
			Contents of file d.sh:
			#/bin/sh
			ls -lh

		> chmod u+x d.sh
		> vi d.sh
		> bash d.sh

Q2. Change the permission of the previous directory to executable only.
	Analyze the output.

> chmod a+x ../

Q3. Change the permission of the previous directory to read only.
	Analyze the output.

> chmod a+r ../

Q4. Use echo to list the all files of your home directory.

> echo *

Q5. Use echo to list the all files of /etc/ directory

> echo */*

Q6. Use echo to list the all files of /etc/ directory with extension name .conf

> echo *.conf

Q7. Use echo to append your name to a.txt

> echo "Kanchan" >> data.txt

==================================================================================

Note:Many operation might not work.Analyze them
1.	Create Three level nested directory a,b and c
a)Create at least one hidden file in each directory

> mkdir -p a/b/c

b)Create at least one normal text file in each directory

> touch filea.txt ./b/fileb.txt ./b/c/filec.txt

c)Copy c into a

> cp -r b/c ./

d)Copy file inside a into b

> cp filea.txt b/

2.	Change the third level directory c permission to read only

	> chmod a+r b/c
 
3.	Try copying third level c directory to outside of a

	> cp b/c ../

4.	Create the directory  “data“ inside b

	> mkdir b/data

5.	Change the permission of b to read and write only

	> chmod u+rw b

6.	Create directory “data2”  inside b

	> mkdir b/data2

7.	Create data.txt file inside b
	
	> touch b/data.txt

8.	Rename the second level directory c to copied_dir

	> mv b/c a

9.	Change permission of copied_dir to only executable

	> chmod u+x b/c

10.	Try ls on copied_dir

	> ls cannot run because of executable only cannot read

11.	Try moving copied_dir to outside of a

	> cannot move dir to outside because of restriced permissions

12.	Try moving data directory outside of a

	> cannot move, permission access denied

13.	Now change the owner of the directory a to root

	> 

14.	Change permission of a to read write and executable to only user

	> chmod u+rwx a

15.	Try creating directory sample inside a

	> 

16.	Create directory x outside a

	> mkdir ../x

17.	Try moving x inside a

	> mv x ./a

18.	Create directory movies

	> mkdir movies

19.	Change group of movies to sudo

	> 

20.	Change group of movies to avahi

	> 
 
21.	Try changing permission after changing ownership to root

	> 

22.	Try Changing permission after changing group to sudo without sudo

	>

23.	Try Changing owner and group both to root

	>

24.	Try changinging permission

	>

25.	Try deleting the file










